A51 MACRO ASSEMBLER  ES                                                                   03/17/2021 16:37:13 PAGE     1


MACRO ASSEMBLER A51 V8.01
OBJECT MODULE PLACED IN es.OBJ
ASSEMBLER INVOKED BY: D:\Keil\C51\BIN\A51.EXE es.asm SET(SMALL) DEBUG EP

LOC  OBJ            LINE     SOURCE

0000                   1                     ORG 0000H
0000 802E              2                     SJMP MAIN
0030                   3                     ORG 0030H
0030 74AA              4     MAIN:   MOV A, #0AAH
0032 75F0BB            5                     MOV B, #0BBH
0035 E5F0              6                     MOV A, B
0037 7820              7                     MOV R0, #020H
0039 E8                8                     MOV A,R0
003A 2401              9                     ADD A, #01H
003C 2401             10                     ADD A, #01H
003E F8               11                     MOV R0,A
003F F6               12                     MOV @R0,A
0040 80FE             13                     SJMP $
                      14                     END
A51 MACRO ASSEMBLER  ES                                                                   03/17/2021 16:37:13 PAGE     2

SYMBOL TABLE LISTING
------ ----- -------


N A M E             T Y P E  V A L U E   ATTRIBUTES

B. . . . . . . . .  D ADDR   00F0H   A   
MAIN . . . . . . .  C ADDR   0030H   A   


REGISTER BANK(S) USED: 0 


ASSEMBLY COMPLETE.  0 WARNING(S), 0 ERROR(S)
