C51 COMPILER V9.00   EXPERIMENT1                                                           04/14/2021 16:47:08 PAGE 1   


C51 COMPILER V9.00, COMPILATION OF MODULE EXPERIMENT1
OBJECT MODULE PLACED IN Experiment1.OBJ
COMPILER INVOKED BY: D:\Keil\C51\BIN\C51.EXE Experiment1.c BROWSE DEBUG OBJECTEXTEND

line level    source

   1          #include <reg51.h>
   2          
   3          #define uchar unsigned char
   4          #define uint unsigned int
   5          
   6          void delay500ms(){
   7   1      
   8   1              unsigned char i,j,k;
   9   1              for(i=15;i>0;i--)
  10   1              for(j=202;j>0;j--)
  11   1              for(k=81;k>0;k--);
  12   1      
  13   1      }
  14          
  15          void main(){
  16   1              uchar nu;
  17   1              uint count = 0;
  18   1              uchar p1s = 0xfe;
  19   1              P1=p1s;
  20   1      
  21   1              while(1){
  22   2                      if(count>=8){
  23   3                              p1s=0xfe;
  24   3                              count = 0;
  25   3                      }
  26   2                      P1 = p1s;
  27   2                      delay500ms();
  28   2      
  29   2                      p1s <<= 1;
  30   2                      p1s ++;
  31   2                      count ++;
  32   2                      
  33   2              }
  34   1      }
*** WARNING C280 IN LINE 16 OF EXPERIMENT1.C: 'nu': unreferenced local variable
  35          


MODULE INFORMATION:   STATIC OVERLAYABLE
   CODE SIZE        =     51    ----
   CONSTANT SIZE    =   ----    ----
   XDATA SIZE       =   ----    ----
   PDATA SIZE       =   ----    ----
   DATA SIZE        =   ----       1
   IDATA SIZE       =   ----    ----
   BIT SIZE         =   ----    ----
END OF MODULE INFORMATION.


C51 COMPILATION COMPLETE.  1 WARNING(S),  0 ERROR(S)
